08:35:19 **** Clean-only build of configuration Debug for project Wireless1 ****
make -j12 clean 
rm -rf ./Drivers/STM32F4xx_HAL_Driver/Src/stm32f4xx_hal.cyclo ./Drivers/STM32F4xx_HAL_Driver/Src/stm32f4xx_hal.d ./Drivers/STM32F4xx_HAL_Driver/Src/stm32f4xx_hal.o ./Drivers/STM32F4xx_HAL_Driver/Src/stm32f4xx_hal.su ./Drivers/STM32F4xx_HAL_Driver/Src/stm32f4xx_hal_cortex.cyclo ./Drivers/STM32F4xx_HAL_Driver/Src/stm32f4xx_hal_cortex.d ./Drivers/STM32F4xx_HAL_Driver/Src/stm32f4xx_hal_cortex.o ./Drivers/STM32F4xx_HAL_Driver/Src/stm32f4xx_hal_cortex.su ./Drivers/STM32F4xx_HAL_Driver/Src/stm32f4xx_hal_dma.cyclo ./Drivers/STM32F4xx_HAL_Driver/Src/stm32f4xx_hal_dma.d ./Drivers/STM32F4xx_HAL_Driver/Src/stm32f4xx_hal_dma.o ./Drivers/STM32F4xx_HAL_Driver/Src/stm32f4xx_hal_dma.su ./Drivers/STM32F4xx_HAL_Driver/Src/stm32f4xx_hal_dma_ex.cyclo ./Drivers/STM32F4xx_HAL_Driver/Src/stm32f4xx_hal_dma_ex.d ./Drivers/STM32F4xx_HAL_Driver/Src/stm32f4xx_hal_dma_ex.o ./Drivers/STM32F4xx_HAL_Driver/Src/stm32f4xx_hal_dma_ex.su ./Drivers/STM32F4xx_HAL_Driver/Src/stm32f4xx_hal_exti.cyclo ./Drivers/STM32F4xx_HAL_Driver/Src/stm32f4xx_hal_exti.d ./Drivers/STM32F4xx_HAL_Driver/Src/stm32f4xx_hal_exti.o ./Drivers/STM32F4xx_HAL_Driver/Src/stm32f4xx_hal_exti.su ./Drivers/STM32F4xx_HAL_Driver/Src/stm32f4xx_hal_flash.cyclo ./Drivers/STM32F4xx_HAL_Driver/Src/stm32f4xx_hal_flash.d ./Drivers/STM32F4xx_HAL_Driver/Src/stm32f4xx_hal_flash.o ./Drivers/STM32F4xx_HAL_Driver/Src/stm32f4xx_hal_flash.su ./Drivers/STM32F4xx_HAL_Driver/Src/stm32f4xx_hal_flash_ex.cyclo ./Drivers/STM32F4xx_HAL_Driver/Src/stm32f4xx_hal_flash_ex.d ./Drivers/STM32F4xx_HAL_Driver/Src/stm32f4xx_hal_flash_ex.o ./Drivers/STM32F4xx_HAL_Driver/Src/stm32f4xx_hal_flash_ex.su ./Drivers/STM32F4xx_HAL_Driver/Src/stm32f4xx_hal_flash_ramfunc.cyclo ./Drivers/STM32F4xx_HAL_Driver/Src/stm32f4xx_hal_flash_ramfunc.d ./Drivers/STM32F4xx_HAL_Driver/Src/stm32f4xx_hal_flash_ramfunc.o ./Drivers/STM32F4xx_HAL_Driver/Src/stm32f4xx_hal_flash_ramfunc.su ./Drivers/STM32F4xx_HAL_Driver/Src/stm32f4xx_hal_gpio.cyclo ./Drivers/STM32F4xx_HAL_Driver/Src/stm32f4xx_hal_gpio.d ./Drivers/STM32F4xx_HAL_Driver/Src/stm32f4xx_hal_gpio.o ./Drivers/STM32F4xx_HAL_Driver/Src/stm32f4xx_hal_gpio.su ./Drivers/STM32F4xx_HAL_Driver/Src/stm32f4xx_hal_pwr.cyclo ./Drivers/STM32F4xx_HAL_Driver/Src/stm32f4xx_hal_pwr.d ./Drivers/STM32F4xx_HAL_Driver/Src/stm32f4xx_hal_pwr.o ./Drivers/STM32F4xx_HAL_Driver/Src/stm32f4xx_hal_pwr.su ./Drivers/STM32F4xx_HAL_Driver/Src/stm32f4xx_hal_pwr_ex.cyclo ./Drivers/STM32F4xx_HAL_Driver/Src/stm32f4xx_hal_pwr_ex.d ./Drivers/STM32F4xx_HAL_Driver/Src/stm32f4xx_hal_pwr_ex.o ./Drivers/STM32F4xx_HAL_Driver/Src/stm32f4xx_hal_pwr_ex.su ./Drivers/STM32F4xx_HAL_Driver/Src/stm32f4xx_hal_rcc.cyclo ./Drivers/STM32F4xx_HAL_Driver/Src/stm32f4xx_hal_rcc.d ./Drivers/STM32F4xx_HAL_Driver/Src/stm32f4xx_hal_rcc.o ./Drivers/STM32F4xx_HAL_Driver/Src/stm32f4xx_hal_rcc.su ./Drivers/STM32F4xx_HAL_Driver/Src/stm32f4xx_hal_rcc_ex.cyclo ./Drivers/STM32F4xx_HAL_Driver/Src/stm32f4xx_hal_rcc_ex.d ./Drivers/STM32F4xx_HAL_Driver/Src/stm32f4xx_hal_rcc_ex.o ./Drivers/STM32F4xx_HAL_Driver/Src/stm32f4xx_hal_rcc_ex.su ./Drivers/STM32F4xx_HAL_Driver/Src/stm32f4xx_hal_tim.cyclo ./Drivers/STM32F4xx_HAL_Driver/Src/stm32f4xx_hal_tim.d ./Drivers/STM32F4xx_HAL_Driver/Src/stm32f4xx_hal_tim.o ./Drivers/STM32F4xx_HAL_Driver/Src/stm32f4xx_hal_tim.su ./Drivers/STM32F4xx_HAL_Driver/Src/stm32f4xx_hal_tim_ex.cyclo ./Drivers/STM32F4xx_HAL_Driver/Src/stm32f4xx_hal_tim_ex.d ./Drivers/STM32F4xx_HAL_Driver/Src/stm32f4xx_hal_tim_ex.o ./Drivers/STM32F4xx_HAL_Driver/Src/stm32f4xx_hal_tim_ex.su ./Drivers/STM32F4xx_HAL_Driver/Src/stm32f4xx_hal_uart.cyclo ./Drivers/STM32F4xx_HAL_Driver/Src/stm32f4xx_hal_uart.d ./Drivers/STM32F4xx_HAL_Driver/Src/stm32f4xx_hal_uart.o ./Drivers/STM32F4xx_HAL_Driver/Src/stm32f4xx_hal_uart.su
rm -rf ./Core/Startup/startup_stm32f401retx.d ./Core/Startup/startup_stm32f401retx.o
rm -rf ./Core/Src/main.cyclo ./Core/Src/main.d ./Core/Src/main.o ./Core/Src/main.su ./Core/Src/stm32f4xx_hal_msp.cyclo ./Core/Src/stm32f4xx_hal_msp.d ./Core/Src/stm32f4xx_hal_msp.o ./Core/Src/stm32f4xx_hal_msp.su ./Core/Src/stm32f4xx_it.cyclo ./Core/Src/stm32f4xx_it.d ./Core/Src/stm32f4xx_it.o ./Core/Src/stm32f4xx_it.su ./Core/Src/syscalls.cyclo ./Core/Src/syscalls.d ./Core/Src/syscalls.o ./Core/Src/syscalls.su ./Core/Src/sysmem.cyclo ./Core/Src/sysmem.d ./Core/Src/sysmem.o ./Core/Src/sysmem.su ./Core/Src/system_stm32f4xx.cyclo ./Core/Src/system_stm32f4xx.d ./Core/Src/system_stm32f4xx.o ./Core/Src/system_stm32f4xx.su
rm -rf WirelessCar1.elf WirelessCar1.list WirelessCar1.map default.size.stdout
 
08:35:20 **** Build of configuration Debug for project Wireless1 ****
make -j12 all 
arm-none-eabi-gcc "../Drivers/STM32F4xx_HAL_Driver/Src/stm32f4xx_hal.c" -mcpu=cortex-m4 -std=gnu11 -g3 -DDEBUG -DUSE_HAL_DRIVER -DSTM32F401xE -c -I../Core/Inc -I../Drivers/STM32F4xx_HAL_Driver/Inc -I../Drivers/STM32F4xx_HAL_Driver/Inc/Legacy -I../Drivers/CMSIS/Device/ST/STM32F4xx/Include -I../Drivers/CMSIS/Include -O0 -ffunction-sections -fdata-sections -Wall -fstack-usage -fcyclomatic-complexity -MMD -MP -MF"Drivers/STM32F4xx_HAL_Driver/Src/stm32f4xx_hal.d" -MT"Drivers/STM32F4xx_HAL_Driver/Src/stm32f4xx_hal.o" --specs=nano.specs -mfpu=fpv4-sp-d16 -mfloat-abi=hard -mthumb -o "Drivers/STM32F4xx_HAL_Driver/Src/stm32f4xx_hal.o"
arm-none-eabi-gcc "../Drivers/STM32F4xx_HAL_Driver/Src/stm32f4xx_hal_cortex.c" -mcpu=cortex-m4 -std=gnu11 -g3 -DDEBUG -DUSE_HAL_DRIVER -DSTM32F401xE -c -I../Core/Inc -I../Drivers/STM32F4xx_HAL_Driver/Inc -I../Drivers/STM32F4xx_HAL_Driver/Inc/Legacy -I../Drivers/CMSIS/Device/ST/STM32F4xx/Include -I../Drivers/CMSIS/Include -O0 -ffunction-sections -fdata-sections -Wall -fstack-usage -fcyclomatic-complexity -MMD -MP -MF"Drivers/STM32F4xx_HAL_Driver/Src/stm32f4xx_hal_cortex.d" -MT"Drivers/STM32F4xx_HAL_Driver/Src/stm32f4xx_hal_cortex.o" --specs=nano.specs -mfpu=fpv4-sp-d16 -mfloat-abi=hard -mthumb -o "Drivers/STM32F4xx_HAL_Driver/Src/stm32f4xx_hal_cortex.o"
arm-none-eabi-gcc "../Drivers/STM32F4xx_HAL_Driver/Src/stm32f4xx_hal_dma.c" -mcpu=cortex-m4 -std=gnu11 -g3 -DDEBUG -DUSE_HAL_DRIVER -DSTM32F401xE -c -I../Core/Inc -I../Drivers/STM32F4xx_HAL_Driver/Inc -I../Drivers/STM32F4xx_HAL_Driver/Inc/Legacy -I../Drivers/CMSIS/Device/ST/STM32F4xx/Include -I../Drivers/CMSIS/Include -O0 -ffunction-sections -fdata-sections -Wall -fstack-usage -fcyclomatic-complexity -MMD -MP -MF"Drivers/STM32F4xx_HAL_Driver/Src/stm32f4xx_hal_dma.d" -MT"Drivers/STM32F4xx_HAL_Driver/Src/stm32f4xx_hal_dma.o" --specs=nano.specs -mfpu=fpv4-sp-d16 -mfloat-abi=hard -mthumb -o "Drivers/STM32F4xx_HAL_Driver/Src/stm32f4xx_hal_dma.o"
arm-none-eabi-gcc "../Drivers/STM32F4xx_HAL_Driver/Src/stm32f4xx_hal_dma_ex.c" -mcpu=cortex-m4 -std=gnu11 -g3 -DDEBUG -DUSE_HAL_DRIVER -DSTM32F401xE -c -I../Core/Inc -I../Drivers/STM32F4xx_HAL_Driver/Inc -I../Drivers/STM32F4xx_HAL_Driver/Inc/Legacy -I../Drivers/CMSIS/Device/ST/STM32F4xx/Include -I../Drivers/CMSIS/Include -O0 -ffunction-sections -fdata-sections -Wall -fstack-usage -fcyclomatic-complexity -MMD -MP -MF"Drivers/STM32F4xx_HAL_Driver/Src/stm32f4xx_hal_dma_ex.d" -MT"Drivers/STM32F4xx_HAL_Driver/Src/stm32f4xx_hal_dma_ex.o" --specs=nano.specs -mfpu=fpv4-sp-d16 -mfloat-abi=hard -mthumb -o "Drivers/STM32F4xx_HAL_Driver/Src/stm32f4xx_hal_dma_ex.o"
arm-none-eabi-gcc "../Drivers/STM32F4xx_HAL_Driver/Src/stm32f4xx_hal_exti.c" -mcpu=cortex-m4 -std=gnu11 -g3 -DDEBUG -DUSE_HAL_DRIVER -DSTM32F401xE -c -I../Core/Inc -I../Drivers/STM32F4xx_HAL_Driver/Inc -I../Drivers/STM32F4xx_HAL_Driver/Inc/Legacy -I../Drivers/CMSIS/Device/ST/STM32F4xx/Include -I../Drivers/CMSIS/Include -O0 -ffunction-sections -fdata-sections -Wall -fstack-usage -fcyclomatic-complexity -MMD -MP -MF"Drivers/STM32F4xx_HAL_Driver/Src/stm32f4xx_hal_exti.d" -MT"Drivers/STM32F4xx_HAL_Driver/Src/stm32f4xx_hal_exti.o" --specs=nano.specs -mfpu=fpv4-sp-d16 -mfloat-abi=hard -mthumb -o "Drivers/STM32F4xx_HAL_Driver/Src/stm32f4xx_hal_exti.o"
arm-none-eabi-gcc "../Drivers/STM32F4xx_HAL_Driver/Src/stm32f4xx_hal_flash.c" -mcpu=cortex-m4 -std=gnu11 -g3 -DDEBUG -DUSE_HAL_DRIVER -DSTM32F401xE -c -I../Core/Inc -I../Drivers/STM32F4xx_HAL_Driver/Inc -I../Drivers/STM32F4xx_HAL_Driver/Inc/Legacy -I../Drivers/CMSIS/Device/ST/STM32F4xx/Include -I../Drivers/CMSIS/Include -O0 -ffunction-sections -fdata-sections -Wall -fstack-usage -fcyclomatic-complexity -MMD -MP -MF"Drivers/STM32F4xx_HAL_Driver/Src/stm32f4xx_hal_flash.d" -MT"Drivers/STM32F4xx_HAL_Driver/Src/stm32f4xx_hal_flash.o" --specs=nano.specs -mfpu=fpv4-sp-d16 -mfloat-abi=hard -mthumb -o "Drivers/STM32F4xx_HAL_Driver/Src/stm32f4xx_hal_flash.o"
arm-none-eabi-gcc "../Drivers/STM32F4xx_HAL_Driver/Src/stm32f4xx_hal_flash_ex.c" -mcpu=cortex-m4 -std=gnu11 -g3 -DDEBUG -DUSE_HAL_DRIVER -DSTM32F401xE -c -I../Core/Inc -I../Drivers/STM32F4xx_HAL_Driver/Inc -I../Drivers/STM32F4xx_HAL_Driver/Inc/Legacy -I../Drivers/CMSIS/Device/ST/STM32F4xx/Include -I../Drivers/CMSIS/Include -O0 -ffunction-sections -fdata-sections -Wall -fstack-usage -fcyclomatic-complexity -MMD -MP -MF"Drivers/STM32F4xx_HAL_Driver/Src/stm32f4xx_hal_flash_ex.d" -MT"Drivers/STM32F4xx_HAL_Driver/Src/stm32f4xx_hal_flash_ex.o" --specs=nano.specs -mfpu=fpv4-sp-d16 -mfloat-abi=hard -mthumb -o "Drivers/STM32F4xx_HAL_Driver/Src/stm32f4xx_hal_flash_ex.o"
arm-none-eabi-gcc "../Drivers/STM32F4xx_HAL_Driver/Src/stm32f4xx_hal_flash_ramfunc.c" -mcpu=cortex-m4 -std=gnu11 -g3 -DDEBUG -DUSE_HAL_DRIVER -DSTM32F401xE -c -I../Core/Inc -I../Drivers/STM32F4xx_HAL_Driver/Inc -I../Drivers/STM32F4xx_HAL_Driver/Inc/Legacy -I../Drivers/CMSIS/Device/ST/STM32F4xx/Include -I../Drivers/CMSIS/Include -O0 -ffunction-sections -fdata-sections -Wall -fstack-usage -fcyclomatic-complexity -MMD -MP -MF"Drivers/STM32F4xx_HAL_Driver/Src/stm32f4xx_hal_flash_ramfunc.d" -MT"Drivers/STM32F4xx_HAL_Driver/Src/stm32f4xx_hal_flash_ramfunc.o" --specs=nano.specs -mfpu=fpv4-sp-d16 -mfloat-abi=hard -mthumb -o "Drivers/STM32F4xx_HAL_Driver/Src/stm32f4xx_hal_flash_ramfunc.o"
arm-none-eabi-gcc "../Drivers/STM32F4xx_HAL_Driver/Src/stm32f4xx_hal_gpio.c" -mcpu=cortex-m4 -std=gnu11 -g3 -DDEBUG -DUSE_HAL_DRIVER -DSTM32F401xE -c -I../Core/Inc -I../Drivers/STM32F4xx_HAL_Driver/Inc -I../Drivers/STM32F4xx_HAL_Driver/Inc/Legacy -I../Drivers/CMSIS/Device/ST/STM32F4xx/Include -I../Drivers/CMSIS/Include -O0 -ffunction-sections -fdata-sections -Wall -fstack-usage -fcyclomatic-complexity -MMD -MP -MF"Drivers/STM32F4xx_HAL_Driver/Src/stm32f4xx_hal_gpio.d" -MT"Drivers/STM32F4xx_HAL_Driver/Src/stm32f4xx_hal_gpio.o" --specs=nano.specs -mfpu=fpv4-sp-d16 -mfloat-abi=hard -mthumb -o "Drivers/STM32F4xx_HAL_Driver/Src/stm32f4xx_hal_gpio.o"
arm-none-eabi-gcc "../Drivers/STM32F4xx_HAL_Driver/Src/stm32f4xx_hal_pwr.c" -mcpu=cortex-m4 -std=gnu11 -g3 -DDEBUG -DUSE_HAL_DRIVER -DSTM32F401xE -c -I../Core/Inc -I../Drivers/STM32F4xx_HAL_Driver/Inc -I../Drivers/STM32F4xx_HAL_Driver/Inc/Legacy -I../Drivers/CMSIS/Device/ST/STM32F4xx/Include -I../Drivers/CMSIS/Include -O0 -ffunction-sections -fdata-sections -Wall -fstack-usage -fcyclomatic-complexity -MMD -MP -MF"Drivers/STM32F4xx_HAL_Driver/Src/stm32f4xx_hal_pwr.d" -MT"Drivers/STM32F4xx_HAL_Driver/Src/stm32f4xx_hal_pwr.o" --specs=nano.specs -mfpu=fpv4-sp-d16 -mfloat-abi=hard -mthumb -o "Drivers/STM32F4xx_HAL_Driver/Src/stm32f4xx_hal_pwr.o"
arm-none-eabi-gcc "../Drivers/STM32F4xx_HAL_Driver/Src/stm32f4xx_hal_pwr_ex.c" -mcpu=cortex-m4 -std=gnu11 -g3 -DDEBUG -DUSE_HAL_DRIVER -DSTM32F401xE -c -I../Core/Inc -I../Drivers/STM32F4xx_HAL_Driver/Inc -I../Drivers/STM32F4xx_HAL_Driver/Inc/Legacy -I../Drivers/CMSIS/Device/ST/STM32F4xx/Include -I../Drivers/CMSIS/Include -O0 -ffunction-sections -fdata-sections -Wall -fstack-usage -fcyclomatic-complexity -MMD -MP -MF"Drivers/STM32F4xx_HAL_Driver/Src/stm32f4xx_hal_pwr_ex.d" -MT"Drivers/STM32F4xx_HAL_Driver/Src/stm32f4xx_hal_pwr_ex.o" --specs=nano.specs -mfpu=fpv4-sp-d16 -mfloat-abi=hard -mthumb -o "Drivers/STM32F4xx_HAL_Driver/Src/stm32f4xx_hal_pwr_ex.o"
arm-none-eabi-gcc "../Drivers/STM32F4xx_HAL_Driver/Src/stm32f4xx_hal_rcc.c" -mcpu=cortex-m4 -std=gnu11 -g3 -DDEBUG -DUSE_HAL_DRIVER -DSTM32F401xE -c -I../Core/Inc -I../Drivers/STM32F4xx_HAL_Driver/Inc -I../Drivers/STM32F4xx_HAL_Driver/Inc/Legacy -I../Drivers/CMSIS/Device/ST/STM32F4xx/Include -I../Drivers/CMSIS/Include -O0 -ffunction-sections -fdata-sections -Wall -fstack-usage -fcyclomatic-complexity -MMD -MP -MF"Drivers/STM32F4xx_HAL_Driver/Src/stm32f4xx_hal_rcc.d" -MT"Drivers/STM32F4xx_HAL_Driver/Src/stm32f4xx_hal_rcc.o" --specs=nano.specs -mfpu=fpv4-sp-d16 -mfloat-abi=hard -mthumb -o "Drivers/STM32F4xx_HAL_Driver/Src/stm32f4xx_hal_rcc.o"
arm-none-eabi-gcc "../Drivers/STM32F4xx_HAL_Driver/Src/stm32f4xx_hal_rcc_ex.c" -mcpu=cortex-m4 -std=gnu11 -g3 -DDEBUG -DUSE_HAL_DRIVER -DSTM32F401xE -c -I../Core/Inc -I../Drivers/STM32F4xx_HAL_Driver/Inc -I../Drivers/STM32F4xx_HAL_Driver/Inc/Legacy -I../Drivers/CMSIS/Device/ST/STM32F4xx/Include -I../Drivers/CMSIS/Include -O0 -ffunction-sections -fdata-sections -Wall -fstack-usage -fcyclomatic-complexity -MMD -MP -MF"Drivers/STM32F4xx_HAL_Driver/Src/stm32f4xx_hal_rcc_ex.d" -MT"Drivers/STM32F4xx_HAL_Driver/Src/stm32f4xx_hal_rcc_ex.o" --specs=nano.specs -mfpu=fpv4-sp-d16 -mfloat-abi=hard -mthumb -o "Drivers/STM32F4xx_HAL_Driver/Src/stm32f4xx_hal_rcc_ex.o"
arm-none-eabi-gcc "../Drivers/STM32F4xx_HAL_Driver/Src/stm32f4xx_hal_tim.c" -mcpu=cortex-m4 -std=gnu11 -g3 -DDEBUG -DUSE_HAL_DRIVER -DSTM32F401xE -c -I../Core/Inc -I../Drivers/STM32F4xx_HAL_Driver/Inc -I../Drivers/STM32F4xx_HAL_Driver/Inc/Legacy -I../Drivers/CMSIS/Device/ST/STM32F4xx/Include -I../Drivers/CMSIS/Include -O0 -ffunction-sections -fdata-sections -Wall -fstack-usage -fcyclomatic-complexity -MMD -MP -MF"Drivers/STM32F4xx_HAL_Driver/Src/stm32f4xx_hal_tim.d" -MT"Drivers/STM32F4xx_HAL_Driver/Src/stm32f4xx_hal_tim.o" --specs=nano.specs -mfpu=fpv4-sp-d16 -mfloat-abi=hard -mthumb -o "Drivers/STM32F4xx_HAL_Driver/Src/stm32f4xx_hal_tim.o"
arm-none-eabi-gcc "../Drivers/STM32F4xx_HAL_Driver/Src/stm32f4xx_hal_tim_ex.c" -mcpu=cortex-m4 -std=gnu11 -g3 -DDEBUG -DUSE_HAL_DRIVER -DSTM32F401xE -c -I../Core/Inc -I../Drivers/STM32F4xx_HAL_Driver/Inc -I../Drivers/STM32F4xx_HAL_Driver/Inc/Legacy -I../Drivers/CMSIS/Device/ST/STM32F4xx/Include -I../Drivers/CMSIS/Include -O0 -ffunction-sections -fdata-sections -Wall -fstack-usage -fcyclomatic-complexity -MMD -MP -MF"Drivers/STM32F4xx_HAL_Driver/Src/stm32f4xx_hal_tim_ex.d" -MT"Drivers/STM32F4xx_HAL_Driver/Src/stm32f4xx_hal_tim_ex.o" --specs=nano.specs -mfpu=fpv4-sp-d16 -mfloat-abi=hard -mthumb -o "Drivers/STM32F4xx_HAL_Driver/Src/stm32f4xx_hal_tim_ex.o"
arm-none-eabi-gcc "../Drivers/STM32F4xx_HAL_Driver/Src/stm32f4xx_hal_uart.c" -mcpu=cortex-m4 -std=gnu11 -g3 -DDEBUG -DUSE_HAL_DRIVER -DSTM32F401xE -c -I../Core/Inc -I../Drivers/STM32F4xx_HAL_Driver/Inc -I../Drivers/STM32F4xx_HAL_Driver/Inc/Legacy -I../Drivers/CMSIS/Device/ST/STM32F4xx/Include -I../Drivers/CMSIS/Include -O0 -ffunction-sections -fdata-sections -Wall -fstack-usage -fcyclomatic-complexity -MMD -MP -MF"Drivers/STM32F4xx_HAL_Driver/Src/stm32f4xx_hal_uart.d" -MT"Drivers/STM32F4xx_HAL_Driver/Src/stm32f4xx_hal_uart.o" --specs=nano.specs -mfpu=fpv4-sp-d16 -mfloat-abi=hard -mthumb -o "Drivers/STM32F4xx_HAL_Driver/Src/stm32f4xx_hal_uart.o"
arm-none-eabi-gcc -mcpu=cortex-m4 -g3 -DDEBUG -c -x assembler-with-cpp -MMD -MP -MF"Core/Startup/startup_stm32f401retx.d" -MT"Core/Startup/startup_stm32f401retx.o" --specs=nano.specs -mfpu=fpv4-sp-d16 -mfloat-abi=hard -mthumb -o "Core/Startup/startup_stm32f401retx.o" "../Core/Startup/startup_stm32f401retx.s"
arm-none-eabi-gcc "../Core/Src/main.c" -mcpu=cortex-m4 -std=gnu11 -g3 -DDEBUG -DUSE_HAL_DRIVER -DSTM32F401xE -c -I../Core/Inc -I../Drivers/STM32F4xx_HAL_Driver/Inc -I../Drivers/STM32F4xx_HAL_Driver/Inc/Legacy -I../Drivers/CMSIS/Device/ST/STM32F4xx/Include -I../Drivers/CMSIS/Include -O0 -ffunction-sections -fdata-sections -Wall -fstack-usage -fcyclomatic-complexity -MMD -MP -MF"Core/Src/main.d" -MT"Core/Src/main.o" --specs=nano.specs -mfpu=fpv4-sp-d16 -mfloat-abi=hard -mthumb -o "Core/Src/main.o"
arm-none-eabi-gcc "../Core/Src/mainstm.c" -mcpu=cortex-m4 -std=gnu11 -g3 -DDEBUG -DUSE_HAL_DRIVER -DSTM32F401xE -c -I../Core/Inc -I../Drivers/STM32F4xx_HAL_Driver/Inc -I../Drivers/STM32F4xx_HAL_Driver/Inc/Legacy -I../Drivers/CMSIS/Device/ST/STM32F4xx/Include -I../Drivers/CMSIS/Include -O0 -ffunction-sections -fdata-sections -Wall -fstack-usage -fcyclomatic-complexity -MMD -MP -MF"Core/Src/mainstm.d" -MT"Core/Src/mainstm.o" --specs=nano.specs -mfpu=fpv4-sp-d16 -mfloat-abi=hard -mthumb -o "Core/Src/mainstm.o"
arm-none-eabi-gcc "../Core/Src/stm32f4xx_hal_msp.c" -mcpu=cortex-m4 -std=gnu11 -g3 -DDEBUG -DUSE_HAL_DRIVER -DSTM32F401xE -c -I../Core/Inc -I../Drivers/STM32F4xx_HAL_Driver/Inc -I../Drivers/STM32F4xx_HAL_Driver/Inc/Legacy -I../Drivers/CMSIS/Device/ST/STM32F4xx/Include -I../Drivers/CMSIS/Include -O0 -ffunction-sections -fdata-sections -Wall -fstack-usage -fcyclomatic-complexity -MMD -MP -MF"Core/Src/stm32f4xx_hal_msp.d" -MT"Core/Src/stm32f4xx_hal_msp.o" --specs=nano.specs -mfpu=fpv4-sp-d16 -mfloat-abi=hard -mthumb -o "Core/Src/stm32f4xx_hal_msp.o"
arm-none-eabi-gcc "../Core/Src/stm32f4xx_it.c" -mcpu=cortex-m4 -std=gnu11 -g3 -DDEBUG -DUSE_HAL_DRIVER -DSTM32F401xE -c -I../Core/Inc -I../Drivers/STM32F4xx_HAL_Driver/Inc -I../Drivers/STM32F4xx_HAL_Driver/Inc/Legacy -I../Drivers/CMSIS/Device/ST/STM32F4xx/Include -I../Drivers/CMSIS/Include -O0 -ffunction-sections -fdata-sections -Wall -fstack-usage -fcyclomatic-complexity -MMD -MP -MF"Core/Src/stm32f4xx_it.d" -MT"Core/Src/stm32f4xx_it.o" --specs=nano.specs -mfpu=fpv4-sp-d16 -mfloat-abi=hard -mthumb -o "Core/Src/stm32f4xx_it.o"
arm-none-eabi-gcc "../Core/Src/syscalls.c" -mcpu=cortex-m4 -std=gnu11 -g3 -DDEBUG -DUSE_HAL_DRIVER -DSTM32F401xE -c -I../Core/Inc -I../Drivers/STM32F4xx_HAL_Driver/Inc -I../Drivers/STM32F4xx_HAL_Driver/Inc/Legacy -I../Drivers/CMSIS/Device/ST/STM32F4xx/Include -I../Drivers/CMSIS/Include -O0 -ffunction-sections -fdata-sections -Wall -fstack-usage -fcyclomatic-complexity -MMD -MP -MF"Core/Src/syscalls.d" -MT"Core/Src/syscalls.o" --specs=nano.specs -mfpu=fpv4-sp-d16 -mfloat-abi=hard -mthumb -o "Core/Src/syscalls.o"
arm-none-eabi-gcc "../Core/Src/sysmem.c" -mcpu=cortex-m4 -std=gnu11 -g3 -DDEBUG -DUSE_HAL_DRIVER -DSTM32F401xE -c -I../Core/Inc -I../Drivers/STM32F4xx_HAL_Driver/Inc -I../Drivers/STM32F4xx_HAL_Driver/Inc/Legacy -I../Drivers/CMSIS/Device/ST/STM32F4xx/Include -I../Drivers/CMSIS/Include -O0 -ffunction-sections -fdata-sections -Wall -fstack-usage -fcyclomatic-complexity -MMD -MP -MF"Core/Src/sysmem.d" -MT"Core/Src/sysmem.o" --specs=nano.specs -mfpu=fpv4-sp-d16 -mfloat-abi=hard -mthumb -o "Core/Src/sysmem.o"
arm-none-eabi-gcc "../Core/Src/system_stm32f4xx.c" -mcpu=cortex-m4 -std=gnu11 -g3 -DDEBUG -DUSE_HAL_DRIVER -DSTM32F401xE -c -I../Core/Inc -I../Drivers/STM32F4xx_HAL_Driver/Inc -I../Drivers/STM32F4xx_HAL_Driver/Inc/Legacy -I../Drivers/CMSIS/Device/ST/STM32F4xx/Include -I../Drivers/CMSIS/Include -O0 -ffunction-sections -fdata-sections -Wall -fstack-usage -fcyclomatic-complexity -MMD -MP -MF"Core/Src/system_stm32f4xx.d" -MT"Core/Src/system_stm32f4xx.o" --specs=nano.specs -mfpu=fpv4-sp-d16 -mfloat-abi=hard -mthumb -o "Core/Src/system_stm32f4xx.o"
arm-none-eabi-gcc -o "Wireless1.elf" @"objects.list"   -mcpu=cortex-m4 -T"D:\CD_ktmt\DOAN\firmware\firmware_stm\Wireless1\STM32F401RETX_FLASH.ld" --specs=nosys.specs -Wl,-Map="Wireless1.map" -Wl,--gc-sections -static --specs=nano.specs -mfpu=fpv4-sp-d16 -mfloat-abi=hard -mthumb -u _printf_float -Wl,--start-group -lc -lm -Wl,--end-group
D:\App\st-stm32cubeide_1.19.0_25607_20250703_0907_x86_64.exe\STM32CubeIDE_1.19.0\STM32CubeIDE\plugins\com.st.stm32cube.ide.mcu.externaltools.gnu-tools-for-stm32.13.3.rel1.win32_1.0.0.202411081344\tools\arm-none-eabi\bin\ld.exe: ./Core/Src/mainstm.o:D:/CD_ktmt/DOAN/firmware/firmware_stm/Wireless1/Debug/../Core/Src/mainstm.c:50: multiple definition of `htim1'; ./Core/Src/main.o:D:/CD_ktmt/DOAN/firmware/firmware_stm/Wireless1/Debug/../Core/Src/main.c:50: first defined here
D:\App\st-stm32cubeide_1.19.0_25607_20250703_0907_x86_64.exe\STM32CubeIDE_1.19.0\STM32CubeIDE\plugins\com.st.stm32cube.ide.mcu.externaltools.gnu-tools-for-stm32.13.3.rel1.win32_1.0.0.202411081344\tools\arm-none-eabi\bin\ld.exe: ./Core/Src/mainstm.o:D:/CD_ktmt/DOAN/firmware/firmware_stm/Wireless1/Debug/../Core/Src/mainstm.c:51: multiple definition of `htim2'; ./Core/Src/main.o:D:/CD_ktmt/DOAN/firmware/firmware_stm/Wireless1/Debug/../Core/Src/main.c:51: first defined here
D:\App\st-stm32cubeide_1.19.0_25607_20250703_0907_x86_64.exe\STM32CubeIDE_1.19.0\STM32CubeIDE\plugins\com.st.stm32cube.ide.mcu.externaltools.gnu-tools-for-stm32.13.3.rel1.win32_1.0.0.202411081344\tools\arm-none-eabi\bin\ld.exe: ./Core/Src/mainstm.o:D:/CD_ktmt/DOAN/firmware/firmware_stm/Wireless1/Debug/../Core/Src/mainstm.c:53: multiple definition of `huart2'; ./Core/Src/main.o:D:/CD_ktmt/DOAN/firmware/firmware_stm/Wireless1/Debug/../Core/Src/main.c:53: first defined here
D:\App\st-stm32cubeide_1.19.0_25607_20250703_0907_x86_64.exe\STM32CubeIDE_1.19.0\STM32CubeIDE\plugins\com.st.stm32cube.ide.mcu.externaltools.gnu-tools-for-stm32.13.3.rel1.win32_1.0.0.202411081344\tools\arm-none-eabi\bin\ld.exe: ./Core/Src/mainstm.o:D:/CD_ktmt/DOAN/firmware/firmware_stm/Wireless1/Debug/../Core/Src/mainstm.c:54: multiple definition of `huart6'; ./Core/Src/main.o:D:/CD_ktmt/DOAN/firmware/firmware_stm/Wireless1/Debug/../Core/Src/main.c:54: first defined here
D:\App\st-stm32cubeide_1.19.0_25607_20250703_0907_x86_64.exe\STM32CubeIDE_1.19.0\STM32CubeIDE\plugins\com.st.stm32cube.ide.mcu.externaltools.gnu-tools-for-stm32.13.3.rel1.win32_1.0.0.202411081344\tools\arm-none-eabi\bin\ld.exe: ./Core/Src/mainstm.o:D:/CD_ktmt/DOAN/firmware/firmware_stm/Wireless1/Debug/../Core/Src/mainstm.c:64: multiple definition of `remote_data'; ./Core/Src/main.o:D:/CD_ktmt/DOAN/firmware/firmware_stm/Wireless1/Debug/../Core/Src/main.c:64: first defined here
D:\App\st-stm32cubeide_1.19.0_25607_20250703_0907_x86_64.exe\STM32CubeIDE_1.19.0\STM32CubeIDE\plugins\com.st.stm32cube.ide.mcu.externaltools.gnu-tools-for-stm32.13.3.rel1.win32_1.0.0.202411081344\tools\arm-none-eabi\bin\ld.exe: ./Core/Src/mainstm.o:D:/CD_ktmt/DOAN/firmware/firmware_stm/Wireless1/Debug/../Core/Src/mainstm.c:65: multiple definition of `i2c_rx_buf'; ./Core/Src/main.o:D:/CD_ktmt/DOAN/firmware/firmware_stm/Wireless1/Debug/../Core/Src/main.c:65: first defined here
D:\App\st-stm32cubeide_1.19.0_25607_20250703_0907_x86_64.exe\STM32CubeIDE_1.19.0\STM32CubeIDE\plugins\com.st.stm32cube.ide.mcu.externaltools.gnu-tools-for-stm32.13.3.rel1.win32_1.0.0.202411081344\tools\arm-none-eabi\bin\ld.exe: ./Core/Src/mainstm.o:D:/CD_ktmt/DOAN/firmware/firmware_stm/Wireless1/Debug/../Core/Src/mainstm.c:67: multiple definition of `Accel_X_RAW'; ./Core/Src/main.o:D:/CD_ktmt/DOAN/firmware/firmware_stm/Wireless1/Debug/../Core/Src/main.c:67: first defined here
D:\App\st-stm32cubeide_1.19.0_25607_20250703_0907_x86_64.exe\STM32CubeIDE_1.19.0\STM32CubeIDE\plugins\com.st.stm32cube.ide.mcu.externaltools.gnu-tools-for-stm32.13.3.rel1.win32_1.0.0.202411081344\tools\arm-none-eabi\bin\ld.exe: ./Core/Src/mainstm.o:D:/CD_ktmt/DOAN/firmware/firmware_stm/Wireless1/Debug/../Core/Src/mainstm.c:67: multiple definition of `Accel_Y_RAW'; ./Core/Src/main.o:D:/CD_ktmt/DOAN/firmware/firmware_stm/Wireless1/Debug/../Core/Src/main.c:67: first defined here
D:\App\st-stm32cubeide_1.19.0_25607_20250703_0907_x86_64.exe\STM32CubeIDE_1.19.0\STM32CubeIDE\plugins\com.st.stm32cube.ide.mcu.externaltools.gnu-tools-for-stm32.13.3.rel1.win32_1.0.0.202411081344\tools\arm-none-eabi\bin\ld.exe: ./Core/Src/mainstm.o:D:/CD_ktmt/DOAN/firmware/firmware_stm/Wireless1/Debug/../Core/Src/mainstm.c:67: multiple definition of `Accel_Z_RAW'; ./Core/Src/main.o:D:/CD_ktmt/DOAN/firmware/firmware_stm/Wireless1/Debug/../Core/Src/main.c:67: first defined here
D:\App\st-stm32cubeide_1.19.0_25607_20250703_0907_x86_64.exe\STM32CubeIDE_1.19.0\STM32CubeIDE\plugins\com.st.stm32cube.ide.mcu.externaltools.gnu-tools-for-stm32.13.3.rel1.win32_1.0.0.202411081344\tools\arm-none-eabi\bin\ld.exe: ./Core/Src/mainstm.o:D:/CD_ktmt/DOAN/firmware/firmware_stm/Wireless1/Debug/../Core/Src/mainstm.c:68: multiple definition of `Gyro_X_RAW'; ./Core/Src/main.o:D:/CD_ktmt/DOAN/firmware/firmware_stm/Wireless1/Debug/../Core/Src/main.c:68: first defined here
D:\App\st-stm32cubeide_1.19.0_25607_20250703_0907_x86_64.exe\STM32CubeIDE_1.19.0\STM32CubeIDE\plugins\com.st.stm32cube.ide.mcu.externaltools.gnu-tools-for-stm32.13.3.rel1.win32_1.0.0.202411081344\tools\arm-none-eabi\bin\ld.exe: ./Core/Src/mainstm.o:D:/CD_ktmt/DOAN/firmware/firmware_stm/Wireless1/Debug/../Core/Src/mainstm.c:68: multiple definition of `Gyro_Y_RAW'; ./Core/Src/main.o:D:/CD_ktmt/DOAN/firmware/firmware_stm/Wireless1/Debug/../Core/Src/main.c:68: first defined here
D:\App\st-stm32cubeide_1.19.0_25607_20250703_0907_x86_64.exe\STM32CubeIDE_1.19.0\STM32CubeIDE\plugins\com.st.stm32cube.ide.mcu.externaltools.gnu-tools-for-stm32.13.3.rel1.win32_1.0.0.202411081344\tools\arm-none-eabi\bin\ld.exe: ./Core/Src/mainstm.o:D:/CD_ktmt/DOAN/firmware/firmware_stm/Wireless1/Debug/../Core/Src/mainstm.c:68: multiple definition of `Gyro_Z_RAW'; ./Core/Src/main.o:D:/CD_ktmt/DOAN/firmware/firmware_stm/Wireless1/Debug/../Core/Src/main.c:68: first defined here
D:\App\st-stm32cubeide_1.19.0_25607_20250703_0907_x86_64.exe\STM32CubeIDE_1.19.0\STM32CubeIDE\plugins\com.st.stm32cube.ide.mcu.externaltools.gnu-tools-for-stm32.13.3.rel1.win32_1.0.0.202411081344\tools\arm-none-eabi\bin\ld.exe: ./Core/Src/mainstm.o:D:/CD_ktmt/DOAN/firmware/firmware_stm/Wireless1/Debug/../Core/Src/mainstm.c:69: multiple definition of `ADC_Val'; ./Core/Src/main.o:D:/CD_ktmt/DOAN/firmware/firmware_stm/Wireless1/Debug/../Core/Src/main.c:69: first defined here
D:\App\st-stm32cubeide_1.19.0_25607_20250703_0907_x86_64.exe\STM32CubeIDE_1.19.0\STM32CubeIDE\plugins\com.st.stm32cube.ide.mcu.externaltools.gnu-tools-for-stm32.13.3.rel1.win32_1.0.0.202411081344\tools\arm-none-eabi\bin\ld.exe: ./Core/Src/mainstm.o:D:/CD_ktmt/DOAN/firmware/firmware_stm/Wireless1/Debug/../Core/Src/mainstm.c:71: multiple definition of `uart_buffer'; ./Core/Src/main.o:D:/CD_ktmt/DOAN/firmware/firmware_stm/Wireless1/Debug/../Core/Src/main.c:71: first defined here
D:\App\st-stm32cubeide_1.19.0_25607_20250703_0907_x86_64.exe\STM32CubeIDE_1.19.0\STM32CubeIDE\plugins\com.st.stm32cube.ide.mcu.externaltools.gnu-tools-for-stm32.13.3.rel1.win32_1.0.0.202411081344\tools\arm-none-eabi\bin\ld.exe: ./Core/Src/mainstm.o:D:/CD_ktmt/DOAN/firmware/firmware_stm/Wireless1/Debug/../Core/Src/mainstm.c:73: multiple definition of `ax'; ./Core/Src/main.o:D:/CD_ktmt/DOAN/firmware/firmware_stm/Wireless1/Debug/../Core/Src/main.c:73: first defined here
D:\App\st-stm32cubeide_1.19.0_25607_20250703_0907_x86_64.exe\STM32CubeIDE_1.19.0\STM32CubeIDE\plugins\com.st.stm32cube.ide.mcu.externaltools.gnu-tools-for-stm32.13.3.rel1.win32_1.0.0.202411081344\tools\arm-none-eabi\bin\ld.exe: ./Core/Src/mainstm.o:D:/CD_ktmt/DOAN/firmware/firmware_stm/Wireless1/Debug/../Core/Src/mainstm.c:73: multiple definition of `ay'; ./Core/Src/main.o:D:/CD_ktmt/DOAN/firmware/firmware_stm/Wireless1/Debug/../Core/Src/main.c:73: first defined here
D:\App\st-stm32cubeide_1.19.0_25607_20250703_0907_x86_64.exe\STM32CubeIDE_1.19.0\STM32CubeIDE\plugins\com.st.stm32cube.ide.mcu.externaltools.gnu-tools-for-stm32.13.3.rel1.win32_1.0.0.202411081344\tools\arm-none-eabi\bin\ld.exe: ./Core/Src/mainstm.o:D:/CD_ktmt/DOAN/firmware/firmware_stm/Wireless1/Debug/../Core/Src/mainstm.c:73: multiple definition of `az'; ./Core/Src/main.o:D:/CD_ktmt/DOAN/firmware/firmware_stm/Wireless1/Debug/../Core/Src/main.c:73: first defined here
D:\App\st-stm32cubeide_1.19.0_25607_20250703_0907_x86_64.exe\STM32CubeIDE_1.19.0\STM32CubeIDE\plugins\com.st.stm32cube.ide.mcu.externaltools.gnu-tools-for-stm32.13.3.rel1.win32_1.0.0.202411081344\tools\arm-none-eabi\bin\ld.exe: ./Core/Src/mainstm.o:D:/CD_ktmt/DOAN/firmware/firmware_stm/Wireless1/Debug/../Core/Src/mainstm.c:74: multiple definition of `gx'; ./Core/Src/main.o:D:/CD_ktmt/DOAN/firmware/firmware_stm/Wireless1/Debug/../Core/Src/main.c:74: first defined here
D:\App\st-stm32cubeide_1.19.0_25607_20250703_0907_x86_64.exe\STM32CubeIDE_1.19.0\STM32CubeIDE\plugins\com.st.stm32cube.ide.mcu.externaltools.gnu-tools-for-stm32.13.3.rel1.win32_1.0.0.202411081344\tools\arm-none-eabi\bin\ld.exe: ./Core/Src/mainstm.o:D:/CD_ktmt/DOAN/firmware/firmware_stm/Wireless1/Debug/../Core/Src/mainstm.c:74: multiple definition of `gy'; ./Core/Src/main.o:D:/CD_ktmt/DOAN/firmware/firmware_stm/Wireless1/Debug/../Core/Src/main.c:74: first defined here
D:\App\st-stm32cubeide_1.19.0_25607_20250703_0907_x86_64.exe\STM32CubeIDE_1.19.0\STM32CubeIDE\plugins\com.st.stm32cube.ide.mcu.externaltools.gnu-tools-for-stm32.13.3.rel1.win32_1.0.0.202411081344\tools\arm-none-eabi\bin\ld.exe: ./Core/Src/mainstm.o:D:/CD_ktmt/DOAN/firmware/firmware_stm/Wireless1/Debug/../Core/Src/mainstm.c:74: multiple definition of `gz'; ./Core/Src/main.o:D:/CD_ktmt/DOAN/firmware/firmware_stm/Wireless1/Debug/../Core/Src/main.c:74: first defined here
D:\App\st-stm32cubeide_1.19.0_25607_20250703_0907_x86_64.exe\STM32CubeIDE_1.19.0\STM32CubeIDE\plugins\com.st.stm32cube.ide.mcu.externaltools.gnu-tools-for-stm32.13.3.rel1.win32_1.0.0.202411081344\tools\arm-none-eabi\bin\ld.exe: ./Core/Src/mainstm.o:D:/CD_ktmt/DOAN/firmware/firmware_stm/Wireless1/Debug/../Core/Src/mainstm.c:76: multiple definition of `roll'; ./Core/Src/main.o:D:/CD_ktmt/DOAN/firmware/firmware_stm/Wireless1/Debug/../Core/Src/main.c:76: first defined here
D:\App\st-stm32cubeide_1.19.0_25607_20250703_0907_x86_64.exe\STM32CubeIDE_1.19.0\STM32CubeIDE\plugins\com.st.stm32cube.ide.mcu.externaltools.gnu-tools-for-stm32.13.3.rel1.win32_1.0.0.202411081344\tools\arm-none-eabi\bin\ld.exe: ./Core/Src/mainstm.o:D:/CD_ktmt/DOAN/firmware/firmware_stm/Wireless1/Debug/../Core/Src/mainstm.c:77: multiple definition of `pitch'; ./Core/Src/main.o:D:/CD_ktmt/DOAN/firmware/firmware_stm/Wireless1/Debug/../Core/Src/main.c:77: first defined here
D:\App\st-stm32cubeide_1.19.0_25607_20250703_0907_x86_64.exe\STM32CubeIDE_1.19.0\STM32CubeIDE\plugins\com.st.stm32cube.ide.mcu.externaltools.gnu-tools-for-stm32.13.3.rel1.win32_1.0.0.202411081344\tools\arm-none-eabi\bin\ld.exe: ./Core/Src/mainstm.o:D:/CD_ktmt/DOAN/firmware/firmware_stm/Wireless1/Debug/../Core/Src/mainstm.c:78: multiple definition of `yaw'; ./Core/Src/main.o:D:/CD_ktmt/DOAN/firmware/firmware_stm/Wireless1/Debug/../Core/Src/main.c:78: first defined here
D:\App\st-stm32cubeide_1.19.0_25607_20250703_0907_x86_64.exe\STM32CubeIDE_1.19.0\STM32CubeIDE\plugins\com.st.stm32cube.ide.mcu.externaltools.gnu-tools-for-stm32.13.3.rel1.win32_1.0.0.202411081344\tools\arm-none-eabi\bin\ld.exe: ./Core/Src/mainstm.o:D:/CD_ktmt/DOAN/firmware/firmware_stm/Wireless1/Debug/../Core/Src/mainstm.c:80: multiple definition of `Gyro_X_Offset'; ./Core/Src/main.o:D:/CD_ktmt/DOAN/firmware/firmware_stm/Wireless1/Debug/../Core/Src/main.c:80: first defined here
D:\App\st-stm32cubeide_1.19.0_25607_20250703_0907_x86_64.exe\STM32CubeIDE_1.19.0\STM32CubeIDE\plugins\com.st.stm32cube.ide.mcu.externaltools.gnu-tools-for-stm32.13.3.rel1.win32_1.0.0.202411081344\tools\arm-none-eabi\bin\ld.exe: ./Core/Src/mainstm.o:D:/CD_ktmt/DOAN/firmware/firmware_stm/Wireless1/Debug/../Core/Src/mainstm.c:81: multiple definition of `Gyro_Y_Offset'; ./Core/Src/main.o:D:/CD_ktmt/DOAN/firmware/firmware_stm/Wireless1/Debug/../Core/Src/main.c:81: first defined here
D:\App\st-stm32cubeide_1.19.0_25607_20250703_0907_x86_64.exe\STM32CubeIDE_1.19.0\STM32CubeIDE\plugins\com.st.stm32cube.ide.mcu.externaltools.gnu-tools-for-stm32.13.3.rel1.win32_1.0.0.202411081344\tools\arm-none-eabi\bin\ld.exe: ./Core/Src/mainstm.o:D:/CD_ktmt/DOAN/firmware/firmware_stm/Wireless1/Debug/../Core/Src/mainstm.c:82: multiple definition of `Gyro_Z_Offset'; ./Core/Src/main.o:D:/CD_ktmt/DOAN/firmware/firmware_stm/Wireless1/Debug/../Core/Src/main.c:82: first defined here
D:\App\st-stm32cubeide_1.19.0_25607_20250703_0907_x86_64.exe\STM32CubeIDE_1.19.0\STM32CubeIDE\plugins\com.st.stm32cube.ide.mcu.externaltools.gnu-tools-for-stm32.13.3.rel1.win32_1.0.0.202411081344\tools\arm-none-eabi\bin\ld.exe: ./Core/Src/mainstm.o:D:/CD_ktmt/DOAN/firmware/firmware_stm/Wireless1/Debug/../Core/Src/mainstm.c:84: multiple definition of `last_time'; ./Core/Src/main.o:D:/CD_ktmt/DOAN/firmware/firmware_stm/Wireless1/Debug/../Core/Src/main.c:84: first defined here
D:\App\st-stm32cubeide_1.19.0_25607_20250703_0907_x86_64.exe\STM32CubeIDE_1.19.0\STM32CubeIDE\plugins\com.st.stm32cube.ide.mcu.externaltools.gnu-tools-for-stm32.13.3.rel1.win32_1.0.0.202411081344\tools\arm-none-eabi\bin\ld.exe: ./Core/Src/mainstm.o: in function `QuayLui':
D:/CD_ktmt/DOAN/firmware/firmware_stm/Wireless1/Debug/../Core/Src/mainstm.c:103: multiple definition of `QuayLui'; ./Core/Src/main.o:D:/CD_ktmt/DOAN/firmware/firmware_stm/Wireless1/Debug/../Core/Src/main.c:103: first defined here
D:\App\st-stm32cubeide_1.19.0_25607_20250703_0907_x86_64.exe\STM32CubeIDE_1.19.0\STM32CubeIDE\plugins\com.st.stm32cube.ide.mcu.externaltools.gnu-tools-for-stm32.13.3.rel1.win32_1.0.0.202411081344\tools\arm-none-eabi\bin\ld.exe: ./Core/Src/mainstm.o: in function `QuayToi':
D:/CD_ktmt/DOAN/firmware/firmware_stm/Wireless1/Debug/../Core/Src/mainstm.c:110: multiple definition of `QuayToi'; ./Core/Src/main.o:D:/CD_ktmt/DOAN/firmware/firmware_stm/Wireless1/Debug/../Core/Src/main.c:110: first defined here
D:\App\st-stm32cubeide_1.19.0_25607_20250703_0907_x86_64.exe\STM32CubeIDE_1.19.0\STM32CubeIDE\plugins\com.st.stm32cube.ide.mcu.externaltools.gnu-tools-for-stm32.13.3.rel1.win32_1.0.0.202411081344\tools\arm-none-eabi\bin\ld.exe: ./Core/Src/mainstm.o: in function `ReTrai':
D:/CD_ktmt/DOAN/firmware/firmware_stm/Wireless1/Debug/../Core/Src/mainstm.c:117: multiple definition of `ReTrai'; ./Core/Src/main.o:D:/CD_ktmt/DOAN/firmware/firmware_stm/Wireless1/Debug/../Core/Src/main.c:117: first defined here
D:\App\st-stm32cubeide_1.19.0_25607_20250703_0907_x86_64.exe\STM32CubeIDE_1.19.0\STM32CubeIDE\plugins\com.st.stm32cube.ide.mcu.externaltools.gnu-tools-for-stm32.13.3.rel1.win32_1.0.0.202411081344\tools\arm-none-eabi\bin\ld.exe: ./Core/Src/mainstm.o: in function `RePhai':
D:/CD_ktmt/DOAN/firmware/firmware_stm/Wireless1/Debug/../Core/Src/mainstm.c:124: multiple definition of `RePhai'; ./Core/Src/main.o:D:/CD_ktmt/DOAN/firmware/firmware_stm/Wireless1/Debug/../Core/Src/main.c:124: first defined here
D:\App\st-stm32cubeide_1.19.0_25607_20250703_0907_x86_64.exe\STM32CubeIDE_1.19.0\STM32CubeIDE\plugins\com.st.stm32cube.ide.mcu.externaltools.gnu-tools-for-stm32.13.3.rel1.win32_1.0.0.202411081344\tools\arm-none-eabi\bin\ld.exe: ./Core/Src/mainstm.o: in function `DungXe':
D:/CD_ktmt/DOAN/firmware/firmware_stm/Wireless1/Debug/../Core/Src/mainstm.c:131: multiple definition of `DungXe'; ./Core/Src/main.o:D:/CD_ktmt/DOAN/firmware/firmware_stm/Wireless1/Debug/../Core/Src/main.c:131: first defined here
D:\App\st-stm32cubeide_1.19.0_25607_20250703_0907_x86_64.exe\STM32CubeIDE_1.19.0\STM32CubeIDE\plugins\com.st.stm32cube.ide.mcu.externaltools.gnu-tools-for-stm32.13.3.rel1.win32_1.0.0.202411081344\tools\arm-none-eabi\bin\ld.exe: ./Core/Src/mainstm.o: in function `Read_ESP32_Data':
D:/CD_ktmt/DOAN/firmware/firmware_stm/Wireless1/Debug/../Core/Src/mainstm.c:141: multiple definition of `Read_ESP32_Data'; ./Core/Src/main.o:D:/CD_ktmt/DOAN/firmware/firmware_stm/Wireless1/Debug/../Core/Src/main.c:141: first defined here
D:\App\st-stm32cubeide_1.19.0_25607_20250703_0907_x86_64.exe\STM32CubeIDE_1.19.0\STM32CubeIDE\plugins\com.st.stm32cube.ide.mcu.externaltools.gnu-tools-for-stm32.13.3.rel1.win32_1.0.0.202411081344\tools\arm-none-eabi\bin\ld.exe: ./Core/Src/mainstm.o: in function `Transmit_RAW_Data':
D:/CD_ktmt/DOAN/firmware/firmware_stm/Wireless1/Debug/../Core/Src/mainstm.c:214: multiple definition of `Transmit_RAW_Data'; ./Core/Src/main.o:D:/CD_ktmt/DOAN/firmware/firmware_stm/Wireless1/Debug/../Core/Src/main.c:221: first defined here
D:\App\st-stm32cubeide_1.19.0_25607_20250703_0907_x86_64.exe\STM32CubeIDE_1.19.0\STM32CubeIDE\plugins\com.st.stm32cube.ide.mcu.externaltools.gnu-tools-for-stm32.13.3.rel1.win32_1.0.0.202411081344\tools\arm-none-eabi\bin\ld.exe: ./Core/Src/mainstm.o: in function `Xe_DieuKhien_GocNghieng':
D:/CD_ktmt/DOAN/firmware/firmware_stm/Wireless1/Debug/../Core/Src/mainstm.c:229: multiple definition of `Xe_DieuKhien_GocNghieng'; ./Core/Src/main.o:D:/CD_ktmt/DOAN/firmware/firmware_stm/Wireless1/Debug/../Core/Src/main.c:236: first defined here
D:\App\st-stm32cubeide_1.19.0_25607_20250703_0907_x86_64.exe\STM32CubeIDE_1.19.0\STM32CubeIDE\plugins\com.st.stm32cube.ide.mcu.externaltools.gnu-tools-for-stm32.13.3.rel1.win32_1.0.0.202411081344\tools\arm-none-eabi\bin\ld.exe: ./Core/Src/mainstm.o: in function `AI_Predict':
D:/CD_ktmt/DOAN/firmware/firmware_stm/Wireless1/Debug/../Core/Src/mainstm.c:269: multiple definition of `AI_Predict'; ./Core/Src/main.o:D:/CD_ktmt/DOAN/firmware/firmware_stm/Wireless1/Debug/../Core/Src/main.c:297: first defined here
D:\App\st-stm32cubeide_1.19.0_25607_20250703_0907_x86_64.exe\STM32CubeIDE_1.19.0\STM32CubeIDE\plugins\com.st.stm32cube.ide.mcu.externaltools.gnu-tools-for-stm32.13.3.rel1.win32_1.0.0.202411081344\tools\arm-none-eabi\bin\ld.exe: ./Core/Src/mainstm.o: in function `Xe_DieuKhien_AI':
D:/CD_ktmt/DOAN/firmware/firmware_stm/Wireless1/Debug/../Core/Src/mainstm.c:290: multiple definition of `Xe_DieuKhien_AI'; ./Core/Src/main.o:D:/CD_ktmt/DOAN/firmware/firmware_stm/Wireless1/Debug/../Core/Src/main.c:314: first defined here
D:\App\st-stm32cubeide_1.19.0_25607_20250703_0907_x86_64.exe\STM32CubeIDE_1.19.0\STM32CubeIDE\plugins\com.st.stm32cube.ide.mcu.externaltools.gnu-tools-for-stm32.13.3.rel1.win32_1.0.0.202411081344\tools\arm-none-eabi\bin\ld.exe: ./Core/Src/mainstm.o: in function `main':
D:/CD_ktmt/DOAN/firmware/firmware_stm/Wireless1/Debug/../Core/Src/mainstm.c:349: multiple definition of `main'; ./Core/Src/main.o:D:/CD_ktmt/DOAN/firmware/firmware_stm/Wireless1/Debug/../Core/Src/main.c:372: first defined here
D:\App\st-stm32cubeide_1.19.0_25607_20250703_0907_x86_64.exe\STM32CubeIDE_1.19.0\STM32CubeIDE\plugins\com.st.stm32cube.ide.mcu.externaltools.gnu-tools-for-stm32.13.3.rel1.win32_1.0.0.202411081344\tools\arm-none-eabi\bin\ld.exe: ./Core/Src/mainstm.o: in function `SystemClock_Config':
D:/CD_ktmt/DOAN/firmware/firmware_stm/Wireless1/Debug/../Core/Src/mainstm.c:406: multiple definition of `SystemClock_Config'; ./Core/Src/main.o:D:/CD_ktmt/DOAN/firmware/firmware_stm/Wireless1/Debug/../Core/Src/main.c:440: first defined here
D:\App\st-stm32cubeide_1.19.0_25607_20250703_0907_x86_64.exe\STM32CubeIDE_1.19.0\STM32CubeIDE\plugins\com.st.stm32cube.ide.mcu.externaltools.gnu-tools-for-stm32.13.3.rel1.win32_1.0.0.202411081344\tools\arm-none-eabi\bin\ld.exe: ./Core/Src/mainstm.o: in function `Error_Handler':
D:/CD_ktmt/DOAN/firmware/firmware_stm/Wireless1/Debug/../Core/Src/mainstm.c:703: multiple definition of `Error_Handler'; ./Core/Src/main.o:D:/CD_ktmt/DOAN/firmware/firmware_stm/Wireless1/Debug/../Core/Src/main.c:737: first defined here
collect2.exe: error: ld returned 1 exit status
make: *** [makefile:64: Wireless1.elf] Error 1
"make -j12 all" terminated with exit code 2. Build might be incomplete.
08:40:02 **** Incremental Build of configuration Debug for project Wireless1 ****
make -j12 all 
arm-none-eabi-gcc "../Core/Src/main.c" -mcpu=cortex-m4 -std=gnu11 -g3 -DDEBUG -DUSE_HAL_DRIVER -DSTM32F401xE -c -I../Core/Inc -I../Drivers/STM32F4xx_HAL_Driver/Inc -I../Drivers/STM32F4xx_HAL_Driver/Inc/Legacy -I../Drivers/CMSIS/Device/ST/STM32F4xx/Include -I../Drivers/CMSIS/Include -O0 -ffunction-sections -fdata-sections -Wall -fstack-usage -fcyclomatic-complexity -MMD -MP -MF"Core/Src/main.d" -MT"Core/Src/main.o" --specs=nano.specs -mfpu=fpv4-sp-d16 -mfloat-abi=hard -mthumb -o "Core/Src/main.o"
arm-none-eabi-gcc "../Core/Src/stm32f4xx_hal_msp.c" -mcpu=cortex-m4 -std=gnu11 -g3 -DDEBUG -DUSE_HAL_DRIVER -DSTM32F401xE -c -I../Core/Inc -I../Drivers/STM32F4xx_HAL_Driver/Inc -I../Drivers/STM32F4xx_HAL_Driver/Inc/Legacy -I../Drivers/CMSIS/Device/ST/STM32F4xx/Include -I../Drivers/CMSIS/Include -O0 -ffunction-sections -fdata-sections -Wall -fstack-usage -fcyclomatic-complexity -MMD -MP -MF"Core/Src/stm32f4xx_hal_msp.d" -MT"Core/Src/stm32f4xx_hal_msp.o" --specs=nano.specs -mfpu=fpv4-sp-d16 -mfloat-abi=hard -mthumb -o "Core/Src/stm32f4xx_hal_msp.o"
arm-none-eabi-gcc "../Core/Src/stm32f4xx_it.c" -mcpu=cortex-m4 -std=gnu11 -g3 -DDEBUG -DUSE_HAL_DRIVER -DSTM32F401xE -c -I../Core/Inc -I../Drivers/STM32F4xx_HAL_Driver/Inc -I../Drivers/STM32F4xx_HAL_Driver/Inc/Legacy -I../Drivers/CMSIS/Device/ST/STM32F4xx/Include -I../Drivers/CMSIS/Include -O0 -ffunction-sections -fdata-sections -Wall -fstack-usage -fcyclomatic-complexity -MMD -MP -MF"Core/Src/stm32f4xx_it.d" -MT"Core/Src/stm32f4xx_it.o" --specs=nano.specs -mfpu=fpv4-sp-d16 -mfloat-abi=hard -mthumb -o "Core/Src/stm32f4xx_it.o"
arm-none-eabi-gcc "../Core/Src/syscalls.c" -mcpu=cortex-m4 -std=gnu11 -g3 -DDEBUG -DUSE_HAL_DRIVER -DSTM32F401xE -c -I../Core/Inc -I../Drivers/STM32F4xx_HAL_Driver/Inc -I../Drivers/STM32F4xx_HAL_Driver/Inc/Legacy -I../Drivers/CMSIS/Device/ST/STM32F4xx/Include -I../Drivers/CMSIS/Include -O0 -ffunction-sections -fdata-sections -Wall -fstack-usage -fcyclomatic-complexity -MMD -MP -MF"Core/Src/syscalls.d" -MT"Core/Src/syscalls.o" --specs=nano.specs -mfpu=fpv4-sp-d16 -mfloat-abi=hard -mthumb -o "Core/Src/syscalls.o"
arm-none-eabi-gcc "../Core/Src/sysmem.c" -mcpu=cortex-m4 -std=gnu11 -g3 -DDEBUG -DUSE_HAL_DRIVER -DSTM32F401xE -c -I../Core/Inc -I../Drivers/STM32F4xx_HAL_Driver/Inc -I../Drivers/STM32F4xx_HAL_Driver/Inc/Legacy -I../Drivers/CMSIS/Device/ST/STM32F4xx/Include -I../Drivers/CMSIS/Include -O0 -ffunction-sections -fdata-sections -Wall -fstack-usage -fcyclomatic-complexity -MMD -MP -MF"Core/Src/sysmem.d" -MT"Core/Src/sysmem.o" --specs=nano.specs -mfpu=fpv4-sp-d16 -mfloat-abi=hard -mthumb -o "Core/Src/sysmem.o"
arm-none-eabi-gcc "../Core/Src/system_stm32f4xx.c" -mcpu=cortex-m4 -std=gnu11 -g3 -DDEBUG -DUSE_HAL_DRIVER -DSTM32F401xE -c -I../Core/Inc -I../Drivers/STM32F4xx_HAL_Driver/Inc -I../Drivers/STM32F4xx_HAL_Driver/Inc/Legacy -I../Drivers/CMSIS/Device/ST/STM32F4xx/Include -I../Drivers/CMSIS/Include -O0 -ffunction-sections -fdata-sections -Wall -fstack-usage -fcyclomatic-complexity -MMD -MP -MF"Core/Src/system_stm32f4xx.d" -MT"Core/Src/system_stm32f4xx.o" --specs=nano.specs -mfpu=fpv4-sp-d16 -mfloat-abi=hard -mthumb -o "Core/Src/system_stm32f4xx.o"
arm-none-eabi-gcc -o "Wireless1.elf" @"objects.list"   -mcpu=cortex-m4 -T"D:\CD_ktmt\DOAN\firmware\firmware_stm\Wireless1\STM32F401RETX_FLASH.ld" --specs=nosys.specs -Wl,-Map="Wireless1.map" -Wl,--gc-sections -static --specs=nano.specs -mfpu=fpv4-sp-d16 -mfloat-abi=hard -mthumb -u _printf_float -Wl,--start-group -lc -lm -Wl,--end-group
Finished building target: Wireless1.elf
 
arm-none-eabi-size  Wireless1.elf 
arm-none-eabi-objdump -h -S Wireless1.elf  > "Wireless1.list"
   text	   data	    bss	    dec	    hex	filename
  29420	    468	   2404	  32292	   7e24	Wireless1.elf
Finished building: default.size.stdout
 
Finished building: Wireless1.list
 
09:04:20 **** Incremental Build of configuration Debug for project Wireless1 ****
make -j12 all 
arm-none-eabi-size  Wireless1.elf 
   text	   data	    bss	    dec	    hex	filename
  29420	    468	   2404	  32292	   7e24	Wireless1.elf
Finished building: default.size.stdout
 
09:04:34 **** Incremental Build of configuration Debug for project Wireless1 ****
make -j12 all 
arm-none-eabi-gcc "../Core/Src/main.c" -mcpu=cortex-m4 -std=gnu11 -g3 -DDEBUG -DUSE_HAL_DRIVER -DSTM32F401xE -c -I../Core/Inc -I../Drivers/STM32F4xx_HAL_Driver/Inc -I../Drivers/STM32F4xx_HAL_Driver/Inc/Legacy -I../Drivers/CMSIS/Device/ST/STM32F4xx/Include -I../Drivers/CMSIS/Include -O0 -ffunction-sections -fdata-sections -Wall -fstack-usage -fcyclomatic-complexity -MMD -MP -MF"Core/Src/main.d" -MT"Core/Src/main.o" --specs=nano.specs -mfpu=fpv4-sp-d16 -mfloat-abi=hard -mthumb -o "Core/Src/main.o"
arm-none-eabi-gcc -o "Wireless1.elf" @"objects.list"   -mcpu=cortex-m4 -T"D:\CD_ktmt\DOAN\firmware\firmware_stm\Wireless1\STM32F401RETX_FLASH.ld" --specs=nosys.specs -Wl,-Map="Wireless1.map" -Wl,--gc-sections -static --specs=nano.specs -mfpu=fpv4-sp-d16 -mfloat-abi=hard -mthumb -u _printf_float -Wl,--start-group -lc -lm -Wl,--end-group
Finished building target: Wireless1.elf
 
arm-none-eabi-size  Wireless1.elf 
arm-none-eabi-objdump -h -S Wireless1.elf  > "Wireless1.list"
   text	   data	    bss	    dec	    hex	filename
  29420	    468	   2404	  32292	   7e24	Wireless1.elf
Finished building: default.size.stdout
 
Finished building: Wireless1.list
 
09:05:37 **** Incremental Build of configuration Debug for project Wireless1 ****
make -j12 all 
arm-none-eabi-size  Wireless1.elf 
   text	   data	    bss	    dec	    hex	filename
  29420	    468	   2404	  32292	   7e24	Wireless1.elf
Finished building: default.size.stdout
 
09:05:58 **** Incremental Build of configuration Debug for project Wireless1 ****
make -j12 all 
arm-none-eabi-size  Wireless1.elf 
   text	   data	    bss	    dec	    hex	filename
  29420	    468	   2404	  32292	   7e24	Wireless1.elf
Finished building: default.size.stdout
 
09:06:04 **** Incremental Build of configuration Debug for project Wireless1 ****
make -j12 all 
arm-none-eabi-size  Wireless1.elf 
   text	   data	    bss	    dec	    hex	filename
  29420	    468	   2404	  32292	   7e24	Wireless1.elf
Finished building: default.size.stdout
 
09:06:15 **** Incremental Build of configuration Debug for project Wireless1 ****
make -j12 all 
arm-none-eabi-size  Wireless1.elf 
   text	   data	    bss	    dec	    hex	filename
  29420	    468	   2404	  32292	   7e24	Wireless1.elf
Finished building: default.size.stdout
 
09:06:45 **** Incremental Build of configuration Debug for project Wireless1 ****
make -j12 all 
arm-none-eabi-size  Wireless1.elf 
   text	   data	    bss	    dec	    hex	filename
  29420	    468	   2404	  32292	   7e24	Wireless1.elf
Finished building: default.size.stdout
 
09:07:02 **** Incremental Build of configuration Debug for project Wireless1 ****
make -j12 all 
arm-none-eabi-size  Wireless1.elf 
   text	   data	    bss	    dec	    hex	filename
  29420	    468	   2404	  32292	   7e24	Wireless1.elf
Finished building: default.size.stdout
 
09:08:42 **** Incremental Build of configuration Debug for project Wireless1 ****
make -j12 all 
arm-none-eabi-gcc "../Core/Src/main.c" -mcpu=cortex-m4 -std=gnu11 -g3 -DDEBUG -DUSE_HAL_DRIVER -DSTM32F401xE -c -I../Core/Inc -I../Drivers/STM32F4xx_HAL_Driver/Inc -I../Drivers/STM32F4xx_HAL_Driver/Inc/Legacy -I../Drivers/CMSIS/Device/ST/STM32F4xx/Include -I../Drivers/CMSIS/Include -O0 -ffunction-sections -fdata-sections -Wall -fstack-usage -fcyclomatic-complexity -MMD -MP -MF"Core/Src/main.d" -MT"Core/Src/main.o" --specs=nano.specs -mfpu=fpv4-sp-d16 -mfloat-abi=hard -mthumb -o "Core/Src/main.o"
arm-none-eabi-gcc -o "Wireless1.elf" @"objects.list"   -mcpu=cortex-m4 -T"D:\CD_ktmt\DOAN\firmware\firmware_stm\Wireless1\STM32F401RETX_FLASH.ld" --specs=nosys.specs -Wl,-Map="Wireless1.map" -Wl,--gc-sections -static --specs=nano.specs -mfpu=fpv4-sp-d16 -mfloat-abi=hard -mthumb -u _printf_float -Wl,--start-group -lc -lm -Wl,--end-group
Finished building target: Wireless1.elf
 
arm-none-eabi-size  Wireless1.elf 
arm-none-eabi-objdump -h -S Wireless1.elf  > "Wireless1.list"
   text	   data	    bss	    dec	    hex	filename
  30148	    468	   2404	  33020	   80fc	Wireless1.elf
Finished building: default.size.stdout
 
Finished building: Wireless1.list
 
09:16:42 **** Incremental Build of configuration Debug for project Wireless1 ****
make -j12 all 
arm-none-eabi-gcc "../Core/Src/main.c" -mcpu=cortex-m4 -std=gnu11 -g3 -DDEBUG -DUSE_HAL_DRIVER -DSTM32F401xE -c -I../Core/Inc -I../Drivers/STM32F4xx_HAL_Driver/Inc -I../Drivers/STM32F4xx_HAL_Driver/Inc/Legacy -I../Drivers/CMSIS/Device/ST/STM32F4xx/Include -I../Drivers/CMSIS/Include -O0 -ffunction-sections -fdata-sections -Wall -fstack-usage -fcyclomatic-complexity -MMD -MP -MF"Core/Src/main.d" -MT"Core/Src/main.o" --specs=nano.specs -mfpu=fpv4-sp-d16 -mfloat-abi=hard -mthumb -o "Core/Src/main.o"
arm-none-eabi-gcc -o "Wireless1.elf" @"objects.list"   -mcpu=cortex-m4 -T"D:\CD_ktmt\DOAN\firmware\firmware_stm\Wireless1\STM32F401RETX_FLASH.ld" --specs=nosys.specs -Wl,-Map="Wireless1.map" -Wl,--gc-sections -static --specs=nano.specs -mfpu=fpv4-sp-d16 -mfloat-abi=hard -mthumb -u _printf_float -Wl,--start-group -lc -lm -Wl,--end-group
Finished building target: Wireless1.elf
 
arm-none-eabi-size  Wireless1.elf 
arm-none-eabi-objdump -h -S Wireless1.elf  > "Wireless1.list"
   text	   data	    bss	    dec	    hex	filename
  29420	    468	   2404	  32292	   7e24	Wireless1.elf
Finished building: default.size.stdout
 
Finished building: Wireless1.list
 
09:29:03 **** Incremental Build of configuration Debug for project Wireless1 ****
make -j12 all 
arm-none-eabi-gcc "../Core/Src/main.c" -mcpu=cortex-m4 -std=gnu11 -g3 -DDEBUG -DUSE_HAL_DRIVER -DSTM32F401xE -c -I../Core/Inc -I../Drivers/STM32F4xx_HAL_Driver/Inc -I../Drivers/STM32F4xx_HAL_Driver/Inc/Legacy -I../Drivers/CMSIS/Device/ST/STM32F4xx/Include -I../Drivers/CMSIS/Include -O0 -ffunction-sections -fdata-sections -Wall -fstack-usage -fcyclomatic-complexity -MMD -MP -MF"Core/Src/main.d" -MT"Core/Src/main.o" --specs=nano.specs -mfpu=fpv4-sp-d16 -mfloat-abi=hard -mthumb -o "Core/Src/main.o"
arm-none-eabi-gcc -o "Wireless1.elf" @"objects.list"   -mcpu=cortex-m4 -T"D:\CD_ktmt\DOAN\firmware\firmware_stm\Wireless1\STM32F401RETX_FLASH.ld" --specs=nosys.specs -Wl,-Map="Wireless1.map" -Wl,--gc-sections -static --specs=nano.specs -mfpu=fpv4-sp-d16 -mfloat-abi=hard -mthumb -u _printf_float -Wl,--start-group -lc -lm -Wl,--end-group
Finished building target: Wireless1.elf
 
arm-none-eabi-size  Wireless1.elf 
arm-none-eabi-objdump -h -S Wireless1.elf  > "Wireless1.list"
   text	   data	    bss	    dec	    hex	filename
  29420	    468	   2404	  32292	   7e24	Wireless1.elf
Finished building: default.size.stdout
 
Finished building: Wireless1.list
 
09:29:06 **** Incremental Build of configuration Debug for project Wireless1 ****
make -j12 all 
arm-none-eabi-size  Wireless1.elf 
   text	   data	    bss	    dec	    hex	filename
  29420	    468	   2404	  32292	   7e24	Wireless1.elf
Finished building: default.size.stdout
 
09:29:25 **** Incremental Build of configuration Debug for project Wireless1 ****
make -j12 all 
arm-none-eabi-gcc "../Core/Src/main.c" -mcpu=cortex-m4 -std=gnu11 -g3 -DDEBUG -DUSE_HAL_DRIVER -DSTM32F401xE -c -I../Core/Inc -I../Drivers/STM32F4xx_HAL_Driver/Inc -I../Drivers/STM32F4xx_HAL_Driver/Inc/Legacy -I../Drivers/CMSIS/Device/ST/STM32F4xx/Include -I../Drivers/CMSIS/Include -O0 -ffunction-sections -fdata-sections -Wall -fstack-usage -fcyclomatic-complexity -MMD -MP -MF"Core/Src/main.d" -MT"Core/Src/main.o" --specs=nano.specs -mfpu=fpv4-sp-d16 -mfloat-abi=hard -mthumb -o "Core/Src/main.o"
arm-none-eabi-gcc -o "Wireless1.elf" @"objects.list"   -mcpu=cortex-m4 -T"D:\CD_ktmt\DOAN\firmware\firmware_stm\Wireless1\STM32F401RETX_FLASH.ld" --specs=nosys.specs -Wl,-Map="Wireless1.map" -Wl,--gc-sections -static --specs=nano.specs -mfpu=fpv4-sp-d16 -mfloat-abi=hard -mthumb -u _printf_float -Wl,--start-group -lc -lm -Wl,--end-group
Finished building target: Wireless1.elf
 
arm-none-eabi-size  Wireless1.elf 
arm-none-eabi-objdump -h -S Wireless1.elf  > "Wireless1.list"
   text	   data	    bss	    dec	    hex	filename
  30116	    468	   2404	  32988	   80dc	Wireless1.elf
Finished building: default.size.stdout
 
Finished building: Wireless1.list
 
09:35:45 **** Incremental Build of configuration Debug for project Wireless1 ****
make -j12 all 
arm-none-eabi-gcc "../Core/Src/main.c" -mcpu=cortex-m4 -std=gnu11 -g3 -DDEBUG -DUSE_HAL_DRIVER -DSTM32F401xE -c -I../Core/Inc -I../Drivers/STM32F4xx_HAL_Driver/Inc -I../Drivers/STM32F4xx_HAL_Driver/Inc/Legacy -I../Drivers/CMSIS/Device/ST/STM32F4xx/Include -I../Drivers/CMSIS/Include -O0 -ffunction-sections -fdata-sections -Wall -fstack-usage -fcyclomatic-complexity -MMD -MP -MF"Core/Src/main.d" -MT"Core/Src/main.o" --specs=nano.specs -mfpu=fpv4-sp-d16 -mfloat-abi=hard -mthumb -o "Core/Src/main.o"
../Core/Src/main.c: In function 'AI_Predict':
../Core/Src/main.c:277:10: error: 'current_pitch' undeclared (first use in this function)
  277 |      if (current_pitch <= -11.50) {
      |          ^~~~~~~~~~~~~
../Core/Src/main.c:277:10: note: each undeclared identifier is reported only once for each function it appears in
../Core/Src/main.c:280:14: error: 'current_roll' undeclared (first use in this function)
  280 |          if (current_roll <= 42.50) {
      |              ^~~~~~~~~~~~
../Core/Src/main.c: In function 'Xe_DieuKhien_AI':
../Core/Src/main.c:304:22: error: too few arguments to function 'AI_Predict'
  304 |     int trang_thai = AI_Predict(pitch, roll);
      |                      ^~~~~~~~~~
../Core/Src/main.c:276:5: note: declared here
  276 | int AI_Predict(int16_t ax, int16_t ay, int16_t az, int16_t gx, int16_t gy, int16_t gz) {
      |     ^~~~~~~~~~
../Core/Src/main.c: In function 'AI_Predict':
../Core/Src/main.c:294:2: warning: control reaches end of non-void function [-Wreturn-type]
  294 |  }
      |  ^
make: *** [Core/Src/subdir.mk:34: Core/Src/main.o] Error 1
"make -j12 all" terminated with exit code 2. Build might be incomplete.
09:36:15 **** Incremental Build of configuration Debug for project Wireless1 ****
make -j12 all 
arm-none-eabi-gcc "../Core/Src/main.c" -mcpu=cortex-m4 -std=gnu11 -g3 -DDEBUG -DUSE_HAL_DRIVER -DSTM32F401xE -c -I../Core/Inc -I../Drivers/STM32F4xx_HAL_Driver/Inc -I../Drivers/STM32F4xx_HAL_Driver/Inc/Legacy -I../Drivers/CMSIS/Device/ST/STM32F4xx/Include -I../Drivers/CMSIS/Include -O0 -ffunction-sections -fdata-sections -Wall -fstack-usage -fcyclomatic-complexity -MMD -MP -MF"Core/Src/main.d" -MT"Core/Src/main.o" --specs=nano.specs -mfpu=fpv4-sp-d16 -mfloat-abi=hard -mthumb -o "Core/Src/main.o"
arm-none-eabi-gcc -o "Wireless1.elf" @"objects.list"   -mcpu=cortex-m4 -T"D:\CD_ktmt\DOAN\firmware\firmware_stm\Wireless1\STM32F401RETX_FLASH.ld" --specs=nosys.specs -Wl,-Map="Wireless1.map" -Wl,--gc-sections -static --specs=nano.specs -mfpu=fpv4-sp-d16 -mfloat-abi=hard -mthumb -u _printf_float -Wl,--start-group -lc -lm -Wl,--end-group
Finished building target: Wireless1.elf
 
arm-none-eabi-size  Wireless1.elf 
arm-none-eabi-objdump -h -S Wireless1.elf  > "Wireless1.list"
   text	   data	    bss	    dec	    hex	filename
  30116	    468	   2404	  32988	   80dc	Wireless1.elf
Finished building: default.size.stdout
 
Finished building: Wireless1.list
 
09:44:11 **** Incremental Build of configuration Debug for project Wireless1 ****
make -j12 all 
arm-none-eabi-gcc "../Core/Src/main.c" -mcpu=cortex-m4 -std=gnu11 -g3 -DDEBUG -DUSE_HAL_DRIVER -DSTM32F401xE -c -I../Core/Inc -I../Drivers/STM32F4xx_HAL_Driver/Inc -I../Drivers/STM32F4xx_HAL_Driver/Inc/Legacy -I../Drivers/CMSIS/Device/ST/STM32F4xx/Include -I../Drivers/CMSIS/Include -O0 -ffunction-sections -fdata-sections -Wall -fstack-usage -fcyclomatic-complexity -MMD -MP -MF"Core/Src/main.d" -MT"Core/Src/main.o" --specs=nano.specs -mfpu=fpv4-sp-d16 -mfloat-abi=hard -mthumb -o "Core/Src/main.o"
arm-none-eabi-gcc -o "Wireless1.elf" @"objects.list"   -mcpu=cortex-m4 -T"D:\CD_ktmt\DOAN\firmware\firmware_stm\Wireless1\STM32F401RETX_FLASH.ld" --specs=nosys.specs -Wl,-Map="Wireless1.map" -Wl,--gc-sections -static --specs=nano.specs -mfpu=fpv4-sp-d16 -mfloat-abi=hard -mthumb -u _printf_float -Wl,--start-group -lc -lm -Wl,--end-group
Finished building target: Wireless1.elf
 
arm-none-eabi-size  Wireless1.elf 
arm-none-eabi-objdump -h -S Wireless1.elf  > "Wireless1.list"
   text	   data	    bss	    dec	    hex	filename
  30140	    468	   2404	  33012	   80f4	Wireless1.elf
Finished building: default.size.stdout
 
Finished building: Wireless1.list
 
09:46:56 **** Incremental Build of configuration Debug for project Wireless1 ****
make -j12 all 
arm-none-eabi-gcc "../Core/Src/main.c" -mcpu=cortex-m4 -std=gnu11 -g3 -DDEBUG -DUSE_HAL_DRIVER -DSTM32F401xE -c -I../Core/Inc -I../Drivers/STM32F4xx_HAL_Driver/Inc -I../Drivers/STM32F4xx_HAL_Driver/Inc/Legacy -I../Drivers/CMSIS/Device/ST/STM32F4xx/Include -I../Drivers/CMSIS/Include -O0 -ffunction-sections -fdata-sections -Wall -fstack-usage -fcyclomatic-complexity -MMD -MP -MF"Core/Src/main.d" -MT"Core/Src/main.o" --specs=nano.specs -mfpu=fpv4-sp-d16 -mfloat-abi=hard -mthumb -o "Core/Src/main.o"
arm-none-eabi-gcc -o "Wireless1.elf" @"objects.list"   -mcpu=cortex-m4 -T"D:\CD_ktmt\DOAN\firmware\firmware_stm\Wireless1\STM32F401RETX_FLASH.ld" --specs=nosys.specs -Wl,-Map="Wireless1.map" -Wl,--gc-sections -static --specs=nano.specs -mfpu=fpv4-sp-d16 -mfloat-abi=hard -mthumb -u _printf_float -Wl,--start-group -lc -lm -Wl,--end-group
Finished building target: Wireless1.elf
 
arm-none-eabi-size  Wireless1.elf 
arm-none-eabi-objdump -h -S Wireless1.elf  > "Wireless1.list"
   text	   data	    bss	    dec	    hex	filename
  29420	    468	   2404	  32292	   7e24	Wireless1.elf
Finished building: default.size.stdout
 
Finished building: Wireless1.list
 
09:51:42 **** Incremental Build of configuration Debug for project Wireless1 ****
make -j12 all 
arm-none-eabi-gcc "../Core/Src/main.c" -mcpu=cortex-m4 -std=gnu11 -g3 -DDEBUG -DUSE_HAL_DRIVER -DSTM32F401xE -c -I../Core/Inc -I../Drivers/STM32F4xx_HAL_Driver/Inc -I../Drivers/STM32F4xx_HAL_Driver/Inc/Legacy -I../Drivers/CMSIS/Device/ST/STM32F4xx/Include -I../Drivers/CMSIS/Include -O0 -ffunction-sections -fdata-sections -Wall -fstack-usage -fcyclomatic-complexity -MMD -MP -MF"Core/Src/main.d" -MT"Core/Src/main.o" --specs=nano.specs -mfpu=fpv4-sp-d16 -mfloat-abi=hard -mthumb -o "Core/Src/main.o"
arm-none-eabi-gcc -o "Wireless1.elf" @"objects.list"   -mcpu=cortex-m4 -T"D:\CD_ktmt\DOAN\firmware\firmware_stm\Wireless1\STM32F401RETX_FLASH.ld" --specs=nosys.specs -Wl,-Map="Wireless1.map" -Wl,--gc-sections -static --specs=nano.specs -mfpu=fpv4-sp-d16 -mfloat-abi=hard -mthumb -u _printf_float -Wl,--start-group -lc -lm -Wl,--end-group
Finished building target: Wireless1.elf
 
arm-none-eabi-size  Wireless1.elf 
arm-none-eabi-objdump -h -S Wireless1.elf  > "Wireless1.list"
   text	   data	    bss	    dec	    hex	filename
  30148	    468	   2404	  33020	   80fc	Wireless1.elf
Finished building: default.size.stdout
 
Finished building: Wireless1.list
 
09:57:43 **** Incremental Build of configuration Debug for project Wireless1 ****
make -j12 all 
arm-none-eabi-gcc "../Core/Src/main.c" -mcpu=cortex-m4 -std=gnu11 -g3 -DDEBUG -DUSE_HAL_DRIVER -DSTM32F401xE -c -I../Core/Inc -I../Drivers/STM32F4xx_HAL_Driver/Inc -I../Drivers/STM32F4xx_HAL_Driver/Inc/Legacy -I../Drivers/CMSIS/Device/ST/STM32F4xx/Include -I../Drivers/CMSIS/Include -O0 -ffunction-sections -fdata-sections -Wall -fstack-usage -fcyclomatic-complexity -MMD -MP -MF"Core/Src/main.d" -MT"Core/Src/main.o" --specs=nano.specs -mfpu=fpv4-sp-d16 -mfloat-abi=hard -mthumb -o "Core/Src/main.o"
arm-none-eabi-gcc -o "Wireless1.elf" @"objects.list"   -mcpu=cortex-m4 -T"D:\CD_ktmt\DOAN\firmware\firmware_stm\Wireless1\STM32F401RETX_FLASH.ld" --specs=nosys.specs -Wl,-Map="Wireless1.map" -Wl,--gc-sections -static --specs=nano.specs -mfpu=fpv4-sp-d16 -mfloat-abi=hard -mthumb -u _printf_float -Wl,--start-group -lc -lm -Wl,--end-group
Finished building target: Wireless1.elf
 
arm-none-eabi-size  Wireless1.elf 
arm-none-eabi-objdump -h -S Wireless1.elf  > "Wireless1.list"
   text	   data	    bss	    dec	    hex	filename
  30148	    468	   2404	  33020	   80fc	Wireless1.elf
Finished building: default.size.stdout
 
Finished building: Wireless1.list
 
09:59:42 **** Incremental Build of configuration Debug for project Wireless1 ****
make -j12 all 
arm-none-eabi-gcc "../Core/Src/main.c" -mcpu=cortex-m4 -std=gnu11 -g3 -DDEBUG -DUSE_HAL_DRIVER -DSTM32F401xE -c -I../Core/Inc -I../Drivers/STM32F4xx_HAL_Driver/Inc -I../Drivers/STM32F4xx_HAL_Driver/Inc/Legacy -I../Drivers/CMSIS/Device/ST/STM32F4xx/Include -I../Drivers/CMSIS/Include -O0 -ffunction-sections -fdata-sections -Wall -fstack-usage -fcyclomatic-complexity -MMD -MP -MF"Core/Src/main.d" -MT"Core/Src/main.o" --specs=nano.specs -mfpu=fpv4-sp-d16 -mfloat-abi=hard -mthumb -o "Core/Src/main.o"
arm-none-eabi-gcc -o "Wireless1.elf" @"objects.list"   -mcpu=cortex-m4 -T"D:\CD_ktmt\DOAN\firmware\firmware_stm\Wireless1\STM32F401RETX_FLASH.ld" --specs=nosys.specs -Wl,-Map="Wireless1.map" -Wl,--gc-sections -static --specs=nano.specs -mfpu=fpv4-sp-d16 -mfloat-abi=hard -mthumb -u _printf_float -Wl,--start-group -lc -lm -Wl,--end-group
Finished building target: Wireless1.elf
 
arm-none-eabi-size  Wireless1.elf 
arm-none-eabi-objdump -h -S Wireless1.elf  > "Wireless1.list"
   text	   data	    bss	    dec	    hex	filename
  30148	    468	   2404	  33020	   80fc	Wireless1.elf
Finished building: default.size.stdout
 
Finished building: Wireless1.list
 
10:01:15 **** Incremental Build of configuration Debug for project Wireless1 ****
make -j12 all 
arm-none-eabi-gcc "../Core/Src/main.c" -mcpu=cortex-m4 -std=gnu11 -g3 -DDEBUG -DUSE_HAL_DRIVER -DSTM32F401xE -c -I../Core/Inc -I../Drivers/STM32F4xx_HAL_Driver/Inc -I../Drivers/STM32F4xx_HAL_Driver/Inc/Legacy -I../Drivers/CMSIS/Device/ST/STM32F4xx/Include -I../Drivers/CMSIS/Include -O0 -ffunction-sections -fdata-sections -Wall -fstack-usage -fcyclomatic-complexity -MMD -MP -MF"Core/Src/main.d" -MT"Core/Src/main.o" --specs=nano.specs -mfpu=fpv4-sp-d16 -mfloat-abi=hard -mthumb -o "Core/Src/main.o"
arm-none-eabi-gcc -o "Wireless1.elf" @"objects.list"   -mcpu=cortex-m4 -T"D:\CD_ktmt\DOAN\firmware\firmware_stm\Wireless1\STM32F401RETX_FLASH.ld" --specs=nosys.specs -Wl,-Map="Wireless1.map" -Wl,--gc-sections -static --specs=nano.specs -mfpu=fpv4-sp-d16 -mfloat-abi=hard -mthumb -u _printf_float -Wl,--start-group -lc -lm -Wl,--end-group
Finished building target: Wireless1.elf
 
arm-none-eabi-size  Wireless1.elf 
arm-none-eabi-objdump -h -S Wireless1.elf  > "Wireless1.list"
   text	   data	    bss	    dec	    hex	filename
  30148	    468	   2404	  33020	   80fc	Wireless1.elf
Finished building: default.size.stdout
 
Finished building: Wireless1.list
 
10:04:16 **** Incremental Build of configuration Debug for project Wireless1 ****
make -j12 all 
arm-none-eabi-gcc "../Core/Src/main.c" -mcpu=cortex-m4 -std=gnu11 -g3 -DDEBUG -DUSE_HAL_DRIVER -DSTM32F401xE -c -I../Core/Inc -I../Drivers/STM32F4xx_HAL_Driver/Inc -I../Drivers/STM32F4xx_HAL_Driver/Inc/Legacy -I../Drivers/CMSIS/Device/ST/STM32F4xx/Include -I../Drivers/CMSIS/Include -O0 -ffunction-sections -fdata-sections -Wall -fstack-usage -fcyclomatic-complexity -MMD -MP -MF"Core/Src/main.d" -MT"Core/Src/main.o" --specs=nano.specs -mfpu=fpv4-sp-d16 -mfloat-abi=hard -mthumb -o "Core/Src/main.o"
arm-none-eabi-gcc -o "Wireless1.elf" @"objects.list"   -mcpu=cortex-m4 -T"D:\CD_ktmt\DOAN\firmware\firmware_stm\Wireless1\STM32F401RETX_FLASH.ld" --specs=nosys.specs -Wl,-Map="Wireless1.map" -Wl,--gc-sections -static --specs=nano.specs -mfpu=fpv4-sp-d16 -mfloat-abi=hard -mthumb -u _printf_float -Wl,--start-group -lc -lm -Wl,--end-group
Finished building target: Wireless1.elf
 
arm-none-eabi-size  Wireless1.elf 
arm-none-eabi-objdump -h -S Wireless1.elf  > "Wireless1.list"
   text	   data	    bss	    dec	    hex	filename
  30148	    468	   2404	  33020	   80fc	Wireless1.elf
Finished building: default.size.stdout
 
Finished building: Wireless1.list
 
10:08:02 **** Incremental Build of configuration Debug for project Wireless1 ****
make -j12 all 
arm-none-eabi-gcc "../Core/Src/main.c" -mcpu=cortex-m4 -std=gnu11 -g3 -DDEBUG -DUSE_HAL_DRIVER -DSTM32F401xE -c -I../Core/Inc -I../Drivers/STM32F4xx_HAL_Driver/Inc -I../Drivers/STM32F4xx_HAL_Driver/Inc/Legacy -I../Drivers/CMSIS/Device/ST/STM32F4xx/Include -I../Drivers/CMSIS/Include -O0 -ffunction-sections -fdata-sections -Wall -fstack-usage -fcyclomatic-complexity -MMD -MP -MF"Core/Src/main.d" -MT"Core/Src/main.o" --specs=nano.specs -mfpu=fpv4-sp-d16 -mfloat-abi=hard -mthumb -o "Core/Src/main.o"
arm-none-eabi-gcc -o "Wireless1.elf" @"objects.list"   -mcpu=cortex-m4 -T"D:\CD_ktmt\DOAN\firmware\firmware_stm\Wireless1\STM32F401RETX_FLASH.ld" --specs=nosys.specs -Wl,-Map="Wireless1.map" -Wl,--gc-sections -static --specs=nano.specs -mfpu=fpv4-sp-d16 -mfloat-abi=hard -mthumb -u _printf_float -Wl,--start-group -lc -lm -Wl,--end-group
Finished building target: Wireless1.elf
 
arm-none-eabi-size  Wireless1.elf 
arm-none-eabi-objdump -h -S Wireless1.elf  > "Wireless1.list"
   text	   data	    bss	    dec	    hex	filename
  30148	    468	   2404	  33020	   80fc	Wireless1.elf
Finished building: default.size.stdout
 
Finished building: Wireless1.list
 
