10:08:02 **** Incremental Build of configuration Debug for project Wireless1 ****
make -j12 all 
arm-none-eabi-gcc "../Core/Src/main.c" -mcpu=cortex-m4 -std=gnu11 -g3 -DDEBUG -DUSE_HAL_DRIVER -DSTM32F401xE -c -I../Core/Inc -I../Drivers/STM32F4xx_HAL_Driver/Inc -I../Drivers/STM32F4xx_HAL_Driver/Inc/Legacy -I../Drivers/CMSIS/Device/ST/STM32F4xx/Include -I../Drivers/CMSIS/Include -O0 -ffunction-sections -fdata-sections -Wall -fstack-usage -fcyclomatic-complexity -MMD -MP -MF"Core/Src/main.d" -MT"Core/Src/main.o" --specs=nano.specs -mfpu=fpv4-sp-d16 -mfloat-abi=hard -mthumb -o "Core/Src/main.o"
arm-none-eabi-gcc -o "Wireless1.elf" @"objects.list"   -mcpu=cortex-m4 -T"D:\CD_ktmt\DOAN\firmware\firmware_stm\Wireless1\STM32F401RETX_FLASH.ld" --specs=nosys.specs -Wl,-Map="Wireless1.map" -Wl,--gc-sections -static --specs=nano.specs -mfpu=fpv4-sp-d16 -mfloat-abi=hard -mthumb -u _printf_float -Wl,--start-group -lc -lm -Wl,--end-group
Finished building target: Wireless1.elf
 
arm-none-eabi-size  Wireless1.elf 
arm-none-eabi-objdump -h -S Wireless1.elf  > "Wireless1.list"
   text	   data	    bss	    dec	    hex	filename
  30148	    468	   2404	  33020	   80fc	Wireless1.elf
Finished building: default.size.stdout
 
Finished building: Wireless1.list
 

10:08:03 Build Finished. 0 errors, 0 warnings. (took 928ms)

